AR main behavioral C:/Users/lab/Desktop/Mors2/main.vhf sub00/vhpl01 1744286864
EN modul_klaw NULL C:/Users/lab/Desktop/Mors2/modul_klaw.vhd sub00/vhpl02 1744286859
EN kod_na_dzwiek NULL C:/Users/lab/Desktop/Mors2/kod_na_dzwiek.vhd sub00/vhpl04 1744286861
EN main NULL C:/Users/lab/Desktop/Mors2/main.vhf sub00/vhpl00 1744286863
AR modul_klaw behavioral C:/Users/lab/Desktop/Mors2/modul_klaw.vhd sub00/vhpl03 1744286860
AR kod_na_dzwiek behavioral C:/Users/lab/Desktop/Mors2/kod_na_dzwiek.vhd sub00/vhpl05 1744286862
